=== FINAL LIVE PASS started 2026-09-01T19:36:07Z ===
--- provenance ---
oracle route digest : sha256:dd6ab701e9b8450ed2a1e45bb46998065155436752f4d251389020bdbbadcee0
rust tree digest    : 63a34f4f26451d0cba1cf90876090b69918781bb7963424d327c95171e13ed29
reference           : .venv/bin/ch-legacy  c1821a3a86ee9a8821087e9149c034eed087033b81172189486b74bf09366b79
subject (build)     : target/release/ch    1f76081cd87a2808e0f6eed0407b98149e0e7212c4b4cedd7f16c529bd8e512f
subject (installed) : ~/.local/bin/ch      1f76081cd87a2808e0f6eed0407b98149e0e7212c4b4cedd7f16c529bd8e512f
corpus              : de693c35ad4700c5e8c36d453a13460936b6b7b28d453f0866c8b5c4ab284965

--- TWIN 1-4: contract suite, live legacy ---
........................................................................ [ 24%]
........................................................................ [ 49%]
........................................................................ [ 74%]
........................................................................ [ 99%]
.                                                                        [100%]

--- TWIN 5: COLUMNS sweep ---
........................................................................ [ 98%]
.                                                                        [100%]

--- TWIN 6-9: deliberate divergences ---
...........                                                              [100%]

--- provenance re-checked AFTER (must match) ---
oracle route digest : sha256:dd6ab701e9b8450ed2a1e45bb46998065155436752f4d251389020bdbbadcee0
rust tree digest    : 63a34f4f26451d0cba1cf90876090b69918781bb7963424d327c95171e13ed29
=== ended 2026-09-01T19:38:44Z ===
